// Jest Snapshot v1, https://goo.gl/fbAQLP

exports[`Test the Rockets.test components renders the Rockets page correctly 1`] = `
Object {
  "asFragment": [Function],
  "baseElement": <body>
    <div>
      <div
        class="rockets-page"
      >
        <ul>
          <li
            class="row rocket-card"
          >
            <img
              alt="{rocketName}"
              height="auto"
              src="https://imgur.com/DaCfMsj.jpg"
              width="250"
            />
            <div
              class="column rocket-info"
            >
              <h3
                class="rocket-name"
              >
                Falcon 1
              </h3>
              <p
                class="rocket-description"
              >
                The Falcon 1 was an expendable launch system privately developed and manufactured by SpaceX during 2006-2009. On 28 September 2008, Falcon 1 became the first privately-developed liquid-fuel launch vehicle to go into orbit around the Earth.
              </p>
              <button
                class="reserve-btn"
                id="1"
                type="button"
              >
                Reserve Rocket
              </button>
            </div>
          </li>
        </ul>
      </div>
    </div>
  </body>,
  "container": <div>
    <div
      class="rockets-page"
    >
      <ul>
        <li
          class="row rocket-card"
        >
          <img
            alt="{rocketName}"
            height="auto"
            src="https://imgur.com/DaCfMsj.jpg"
            width="250"
          />
          <div
            class="column rocket-info"
          >
            <h3
              class="rocket-name"
            >
              Falcon 1
            </h3>
            <p
              class="rocket-description"
            >
              The Falcon 1 was an expendable launch system privately developed and manufactured by SpaceX during 2006-2009. On 28 September 2008, Falcon 1 became the first privately-developed liquid-fuel launch vehicle to go into orbit around the Earth.
            </p>
            <button
              class="reserve-btn"
              id="1"
              type="button"
            >
              Reserve Rocket
            </button>
          </div>
        </li>
      </ul>
    </div>
  </div>,
  "debug": [Function],
  "findAllByAltText": [Function],
  "findAllByDisplayValue": [Function],
  "findAllByLabelText": [Function],
  "findAllByPlaceholderText": [Function],
  "findAllByRole": [Function],
  "findAllByTestId": [Function],
  "findAllByText": [Function],
  "findAllByTitle": [Function],
  "findByAltText": [Function],
  "findByDisplayValue": [Function],
  "findByLabelText": [Function],
  "findByPlaceholderText": [Function],
  "findByRole": [Function],
  "findByTestId": [Function],
  "findByText": [Function],
  "findByTitle": [Function],
  "getAllByAltText": [Function],
  "getAllByDisplayValue": [Function],
  "getAllByLabelText": [Function],
  "getAllByPlaceholderText": [Function],
  "getAllByRole": [Function],
  "getAllByTestId": [Function],
  "getAllByText": [Function],
  "getAllByTitle": [Function],
  "getByAltText": [Function],
  "getByDisplayValue": [Function],
  "getByLabelText": [Function],
  "getByPlaceholderText": [Function],
  "getByRole": [Function],
  "getByTestId": [Function],
  "getByText": [Function],
  "getByTitle": [Function],
  "queryAllByAltText": [Function],
  "queryAllByDisplayValue": [Function],
  "queryAllByLabelText": [Function],
  "queryAllByPlaceholderText": [Function],
  "queryAllByRole": [Function],
  "queryAllByTestId": [Function],
  "queryAllByText": [Function],
  "queryAllByTitle": [Function],
  "queryByAltText": [Function],
  "queryByDisplayValue": [Function],
  "queryByLabelText": [Function],
  "queryByPlaceholderText": [Function],
  "queryByRole": [Function],
  "queryByTestId": [Function],
  "queryByText": [Function],
  "queryByTitle": [Function],
  "rerender": [Function],
  "unmount": [Function],
}
`;
